------------------------------------------------------------
Timing Analyzer Summary
------------------------------------------------------------

Type  : Slow 1200mV 85C Model Setup 'CLK_H_HW'
Slack : -2.873
TNS   : -63.540

Type  : Slow 1200mV 85C Model Setup 'ramDisp:RAMeDISP|clk_div'
Slack : -0.968
TNS   : -15.741

Type  : Slow 1200mV 85C Model Hold 'ramDisp:RAMeDISP|clk_div'
Slack : 0.343
TNS   : 0.000

Type  : Slow 1200mV 85C Model Hold 'CLK_H_HW'
Slack : 0.555
TNS   : 0.000

Type  : Slow 1200mV 85C Model Minimum Pulse Width 'CLK_H_HW'
Slack : -3.000
TNS   : -32.328

Type  : Slow 1200mV 85C Model Minimum Pulse Width 'ramDisp:RAMeDISP|clk_div'
Slack : -1.222
TNS   : -41.548

Type  : Slow 1200mV 0C Model Setup 'CLK_H_HW'
Slack : -2.509
TNS   : -55.735

Type  : Slow 1200mV 0C Model Setup 'ramDisp:RAMeDISP|clk_div'
Slack : -0.770
TNS   : -11.783

Type  : Slow 1200mV 0C Model Hold 'ramDisp:RAMeDISP|clk_div'
Slack : 0.314
TNS   : 0.000

Type  : Slow 1200mV 0C Model Hold 'CLK_H_HW'
Slack : 0.512
TNS   : 0.000

Type  : Slow 1200mV 0C Model Minimum Pulse Width 'CLK_H_HW'
Slack : -3.000
TNS   : -32.328

Type  : Slow 1200mV 0C Model Minimum Pulse Width 'ramDisp:RAMeDISP|clk_div'
Slack : -1.222
TNS   : -41.548

Type  : Fast 1200mV 0C Model Setup 'CLK_H_HW'
Slack : -0.832
TNS   : -17.423

Type  : Fast 1200mV 0C Model Setup 'ramDisp:RAMeDISP|clk_div'
Slack : 0.062
TNS   : 0.000

Type  : Fast 1200mV 0C Model Hold 'ramDisp:RAMeDISP|clk_div'
Slack : 0.157
TNS   : 0.000

Type  : Fast 1200mV 0C Model Hold 'CLK_H_HW'
Slack : 0.252
TNS   : 0.000

Type  : Fast 1200mV 0C Model Minimum Pulse Width 'CLK_H_HW'
Slack : -3.000
TNS   : -27.832

Type  : Fast 1200mV 0C Model Minimum Pulse Width 'ramDisp:RAMeDISP|clk_div'
Slack : -1.000
TNS   : -34.000

------------------------------------------------------------
